// Jest Snapshot v1, https://goo.gl/fbAQLP

exports[`renders points badge 1`] = `
<div
  class="badge badge_l badge_style_info badge_align_center"
  data-testid="badge"
>
  <h6
    class="caption"
    data-testid="caption"
  >
    <span
      class="text size_s regular"
      data-testid="text"
    >
      Points
    </span>
  </h6>
  <span
    class="text size_xxl regular"
    data-testid="text"
  >
    256
  </span>
</div>
`;
