// Jest Snapshot v1, https://goo.gl/fbAQLP

exports[`renders learn react link 1`] = `
<div
  class="App"
  data-testid="app-container"
>
  <div
    class="page"
  >
    <header
      class="header"
      data-testid="header"
    >
      <div
        class="header_content"
      >
        <svg>
          logo.svg
        </svg>
        <button
          class="button icon-button theme_button"
          data-testid="button"
        >
          <svg>
            dark.svg
          </svg>
        </button>
      </div>
      <div
        class="menu"
        data-testid="menu"
        dir="ltr"
      />
    </header>
    <section
      class="content"
    />
  </div>
</div>
`;
